==================================
| ``integer_validator`` function |
==================================

Using ``integer_validator``
---------------------------

>>> BaseGeometry = __import__('7-base_geometry').BaseGeometry

>>> bg = BaseGeometry()
>>> bg.integer_validator("test", 12)

>>> bg.integer_validator("test", -12)
Traceback (most recent call last):
  ...
ValueError: test must be greater than 0

>>> bg.integer_validator("test", "foo")
Traceback (most recent call last):
  ...
TypeError: test must be an integer
