``say_my_name`` module
======================

Using ``matrix_divided``

>>> say_my_name = __import__('3-say_my_name').say_my_name

>>> say_my_name("Lil Uzi", "Vert")
My name is Lil Uzi Vert

>>> say_my_name("Beyonce")
My name is Beyonce 

>>> say_my_name(12, "White")
Traceback (most recent call last):
  ...
TypeError: first_name must be a string

>>> say_my_name("Jinji", 3000)
Traceback (most recent call last):
  ...
TypeError: last_name must be a string

>>> say_my_name(["hello", 2], 13)
Traceback (most recent call last):
  ...
TypeError: first_name must be a string
